true
false
hello
bye
hi
see
ya
hi
see
what
true
hello
bye
hi
see
ya
what
hi
see
hello
bye
hi
see
ya
what
hello
bye
ya
