3
1
2
3
7
3
10
1
2
3
7
10
1.100000
1.100000
2.200000
3.300000
4.400000
1.100000
6.600000
1.100000
2.200000
3.300000
4.400000
6.600000
