VBbigidiot
9.654015
0.706169
-0.597331
9.974182
0.253128
99.484316
11.023176
0.788457
0.342423
3.900000
2.000000
3.000000
99.000000