2
1
2
3
4
5
0
0
0
0
0
call
after
1
2
3
4
5
here
1
2
3
4
5
