Len: 
3
false in a
false
a:
true
true
true
new a: 
true
false
true
false in a
true
new a: 
true
false
2
