42
71.300000
(3.200000,3.400000)
hello world
4271.300000(3.200000,3.400000)hello world